127.0.0.1 - - [03/Sep/2024:09:40:31 +0200] "GET / HTTP/1.1" 404 688
127.0.0.1 - - [03/Sep/2024:09:40:31 +0200] "GET /04_servicio_crud_cursos/ HTTP/1.1" 404 642
0:0:0:0:0:0:0:1 - - [03/Sep/2024:09:43:08 +0200] "POST /04_servicio_crud_cursos/cursos/alta/ HTTP/1.1" 415 799
0:0:0:0:0:0:0:1 - - [03/Sep/2024:09:44:15 +0200] "POST /04_servicio_crud_cursos/cursos/alta/ HTTP/1.1" 415 799
0:0:0:0:0:0:0:1 - - [03/Sep/2024:09:44:30 +0200] "POST /04_servicio_crud_cursos/cursos/alta/ HTTP/1.1" 415 799
127.0.0.1 - - [03/Sep/2024:09:45:24 +0200] "GET /04_servicio_crud_cursos/ HTTP/1.1" 404 642
0:0:0:0:0:0:0:1 - - [03/Sep/2024:09:46:33 +0200] "POST /04_servicio_crud_cursos/cursos/recuperartodos HTTP/1.1" 405 694
127.0.0.1 - - [03/Sep/2024:09:49:17 +0200] "GET / HTTP/1.1" 404 688
127.0.0.1 - - [03/Sep/2024:09:49:18 +0200] "GET /04_servicio_crud_cursos/ HTTP/1.1" 404 642
0:0:0:0:0:0:0:1 - - [03/Sep/2024:09:50:10 +0200] "POST /04_servicio_crud_cursos/recuperartodos HTTP/1.1" 404 642
0:0:0:0:0:0:0:1 - - [03/Sep/2024:09:50:29 +0200] "POST /04_servicio_crud_cursos/cursos/recuperartodos HTTP/1.1" 405 694
0:0:0:0:0:0:0:1 - - [03/Sep/2024:09:50:40 +0200] "GET /04_servicio_crud_cursos/cursos/recuperartodos HTTP/1.1" 200 2
0:0:0:0:0:0:0:1 - - [03/Sep/2024:09:51:02 +0200] "POST /04_servicio_crud_cursos/cursos/alta HTTP/1.1" 415 799
0:0:0:0:0:0:0:1 - - [03/Sep/2024:09:52:03 +0200] "GET /04_servicio_crud_cursos/cursos/recuperartodos HTTP/1.1" 200 2
0:0:0:0:0:0:0:1 - - [03/Sep/2024:09:53:18 +0200] "GET /04_servicio_crud_cursos/cursos/recuperartodos HTTP/1.1" 200 2
127.0.0.1 - - [03/Sep/2024:09:54:32 +0200] "GET / HTTP/1.1" 404 688
127.0.0.1 - - [03/Sep/2024:09:54:33 +0200] "GET /04_servicio_crud_cursos/ HTTP/1.1" 404 642
0:0:0:0:0:0:0:1 - - [03/Sep/2024:09:54:38 +0200] "GET /04_servicio_crud_cursos/cursos/recuperartodos HTTP/1.1" 200 139
0:0:0:0:0:0:0:1 - - [03/Sep/2024:09:56:05 +0200] "POST /04_servicio_crud_cursos/cursos/alta HTTP/1.1" 415 799
0:0:0:0:0:0:0:1 - - [03/Sep/2024:09:59:03 +0200] "GET /04_servicio_crud_cursos/cursos/recuperartodos HTTP/1.1" 200 139
127.0.0.1 - - [03/Sep/2024:10:26:45 +0200] "GET / HTTP/1.1" 404 688
127.0.0.1 - - [03/Sep/2024:10:26:45 +0200] "GET /01_ejemplo_rest/ HTTP/1.1" 404 642
127.0.0.1 - - [03/Sep/2024:10:28:36 +0200] "GET /01_ejemplo_rest/ HTTP/1.1" 404 642
127.0.0.1 - - [03/Sep/2024:10:33:05 +0200] "GET / HTTP/1.1" 404 688
127.0.0.1 - - [03/Sep/2024:10:33:06 +0200] "GET /01_ejemplo_rest/ HTTP/1.1" 404 642
127.0.0.1 - - [03/Sep/2024:10:34:57 +0200] "GET /01_ejemplo_rest/ HTTP/1.1" 404 642
127.0.0.1 - - [03/Sep/2024:10:39:29 +0200] "GET / HTTP/1.1" 404 688
127.0.0.1 - - [03/Sep/2024:10:39:30 +0200] "GET /01_ejemplo_rest/ HTTP/1.1" 404 642
127.0.0.1 - - [03/Sep/2024:10:39:41 +0200] "GET /01_ejemplo_rest/pruebas/saludar HTTP/1.1" 200 29
0:0:0:0:0:0:0:1 - - [03/Sep/2024:10:39:54 +0200] "GET /01_ejemplo_rest/pruebas/saludar HTTP/1.1" 200 29
127.0.0.1 - - [03/Sep/2024:10:40:26 +0200] "GET /01_ejemplo_rest/pruebas/saludar HTTP/1.1" 200 29
127.0.0.1 - - [03/Sep/2024:11:04:26 +0200] "GET / HTTP/1.1" 404 688
127.0.0.1 - - [03/Sep/2024:11:04:26 +0200] "GET /03_prototipo_buscador/ HTTP/1.1" 404 642
127.0.0.1 - - [03/Sep/2024:11:05:19 +0200] "GET /03_prototipo_buscador/buscador/buscar/libros HTTP/1.1" 500 10024
127.0.0.1 - - [03/Sep/2024:11:06:46 +0200] "GET / HTTP/1.1" 404 688
127.0.0.1 - - [03/Sep/2024:11:06:47 +0200] "GET /03_prototipo_buscador/ HTTP/1.1" 404 642
127.0.0.1 - - [03/Sep/2024:11:07:17 +0200] "GET /03_prototipo_buscador/buscador/buscar/libros HTTP/1.1" 200 257
127.0.0.1 - - [03/Sep/2024:12:55:41 +0200] "GET / HTTP/1.1" 404 688
127.0.0.1 - - [03/Sep/2024:12:55:41 +0200] "GET /04_servicio_crud_cursos/ HTTP/1.1" 404 642
127.0.0.1 - - [03/Sep/2024:12:55:41 +0200] "GET /favicon.ico HTTP/1.1" 404 699
127.0.0.1 - - [03/Sep/2024:12:59:25 +0200] "GET / HTTP/1.1" 404 688
127.0.0.1 - - [03/Sep/2024:12:59:26 +0200] "GET /07_servicio_formacion/ HTTP/1.1" 404 642
127.0.0.1 - - [03/Sep/2024:13:00:03 +0200] "GET /04_crud_cursos/cursos/recuperartodos/ HTTP/1.1" 404 737
0:0:0:0:0:0:0:1 - - [03/Sep/2024:13:00:03 +0200] "GET /07_servicio_formacion/formacion/buscar/Programacion HTTP/1.1" 404 737
127.0.0.1 - - [03/Sep/2024:13:01:22 +0200] "GET /04_crud_cursos/cursos/recuperartodos/ HTTP/1.1" 404 737
0:0:0:0:0:0:0:1 - - [03/Sep/2024:13:01:22 +0200] "GET /07_servicio_formacion/formacion/buscar/Basica HTTP/1.1" 404 737
127.0.0.1 - - [03/Sep/2024:13:01:48 +0200] "GET / HTTP/1.1" 404 688
127.0.0.1 - - [03/Sep/2024:13:01:48 +0200] "GET /04_servicio_crud_cursos/ HTTP/1.1" 404 642
127.0.0.1 - - [03/Sep/2024:13:02:12 +0200] "GET / HTTP/1.1" 404 688
127.0.0.1 - - [03/Sep/2024:13:02:13 +0200] "GET /07_servicio_formacion/ HTTP/1.1" 404 642
127.0.0.1 - - [03/Sep/2024:13:02:13 +0200] "GET /04_crud_cursos/cursos/recuperartodos/ HTTP/1.1" 404 737
0:0:0:0:0:0:0:1 - - [03/Sep/2024:13:02:13 +0200] "GET /07_servicio_formacion/formacion/buscar/Basica HTTP/1.1" 404 737
127.0.0.1 - - [03/Sep/2024:13:02:22 +0200] "GET /04_crud_cursos/cursos/recuperartodos/ HTTP/1.1" 404 737
0:0:0:0:0:0:0:1 - - [03/Sep/2024:13:02:22 +0200] "GET /07_servicio_formacion/formacion/buscar/Basica HTTP/1.1" 404 737
127.0.0.1 - - [03/Sep/2024:13:02:27 +0200] "GET /04_crud_cursos/cursos/recuperartodos/ HTTP/1.1" 404 737
0:0:0:0:0:0:0:1 - - [03/Sep/2024:13:02:27 +0200] "GET /07_servicio_formacion/formacion/buscar/Basica HTTP/1.1" 404 737
127.0.0.1 - - [03/Sep/2024:13:02:31 +0200] "GET /04_crud_cursos/cursos/recuperartodos/ HTTP/1.1" 404 737
0:0:0:0:0:0:0:1 - - [03/Sep/2024:13:02:31 +0200] "GET /07_servicio_formacion/formacion/buscar/Basica HTTP/1.1" 404 737
127.0.0.1 - - [03/Sep/2024:13:03:13 +0200] "GET /04_crud_cursos/cursos/recuperartodos/ HTTP/1.1" 404 737
0:0:0:0:0:0:0:1 - - [03/Sep/2024:13:03:13 +0200] "GET /07_servicio_formacion/formacion/buscar/Basica HTTP/1.1" 404 737
127.0.0.1 - - [03/Sep/2024:13:03:25 +0200] "GET /04_crud_cursos/cursos/recuperartodos/ HTTP/1.1" 404 737
0:0:0:0:0:0:0:1 - - [03/Sep/2024:13:03:25 +0200] "GET /07_servicio_formacion/formacion/buscar/Basica HTTP/1.1" 404 737
127.0.0.1 - - [03/Sep/2024:13:03:26 +0200] "GET /04_crud_cursos/cursos/recuperartodos/ HTTP/1.1" 404 737
0:0:0:0:0:0:0:1 - - [03/Sep/2024:13:03:26 +0200] "GET /07_servicio_formacion/formacion/buscar/Basica HTTP/1.1" 404 737
127.0.0.1 - - [03/Sep/2024:13:03:27 +0200] "GET /04_crud_cursos/cursos/recuperartodos/ HTTP/1.1" 404 737
0:0:0:0:0:0:0:1 - - [03/Sep/2024:13:03:27 +0200] "GET /07_servicio_formacion/formacion/buscar/Basica HTTP/1.1" 404 737
127.0.0.1 - - [03/Sep/2024:13:04:36 +0200] "GET / HTTP/1.1" 404 688
127.0.0.1 - - [03/Sep/2024:13:04:37 +0200] "GET /07_servicio_formacion/ HTTP/1.1" 404 642
127.0.0.1 - - [03/Sep/2024:13:04:51 +0200] "GET /04_servicio_crud_cursos/cursos/recuperartodos HTTP/1.1" 500 10024
0:0:0:0:0:0:0:1 - - [03/Sep/2024:13:04:51 +0200] "GET /07_servicio_formacion/formacion/buscar/Basica HTTP/1.1" 500 10004
127.0.0.1 - - [03/Sep/2024:13:05:03 +0200] "GET /04_servicio_crud_cursos/cursos/recuperartodos HTTP/1.1" 200 422
0:0:0:0:0:0:0:1 - - [03/Sep/2024:13:05:03 +0200] "GET /07_servicio_formacion/formacion/buscar/Basica HTTP/1.1" 200 139
127.0.0.1 - - [03/Sep/2024:13:06:12 +0200] "GET /07_servicio_formacion/ HTTP/1.1" 404 642
127.0.0.1 - - [03/Sep/2024:13:07:27 +0200] "GET / HTTP/1.1" 404 688
127.0.0.1 - - [03/Sep/2024:13:07:33 +0200] "GET /07_servicio_formacion_jm/ HTTP/1.1" 404 642
127.0.0.1 - - [03/Sep/2024:13:07:33 +0200] "GET /favicon.ico HTTP/1.1" 404 699
127.0.0.1 - - [03/Sep/2024:13:07:52 +0200] "GET /04_crud_cursos/cursos/recuperartodos/ HTTP/1.1" 404 737
0:0:0:0:0:0:0:1 - - [03/Sep/2024:13:07:52 +0200] "GET /07_servicio_formacion_jm/formacion/buscar/Basica HTTP/1.1" 404 737
127.0.0.1 - - [03/Sep/2024:13:07:54 +0200] "GET /04_crud_cursos/cursos/recuperartodos/ HTTP/1.1" 404 737
0:0:0:0:0:0:0:1 - - [03/Sep/2024:13:07:54 +0200] "GET /07_servicio_formacion_jm/formacion/buscar/Basica HTTP/1.1" 404 737
127.0.0.1 - - [03/Sep/2024:13:07:55 +0200] "GET /04_crud_cursos/cursos/recuperartodos/ HTTP/1.1" 404 737
0:0:0:0:0:0:0:1 - - [03/Sep/2024:13:07:55 +0200] "GET /07_servicio_formacion_jm/formacion/buscar/Basica HTTP/1.1" 404 737
127.0.0.1 - - [03/Sep/2024:13:07:56 +0200] "GET /04_crud_cursos/cursos/recuperartodos/ HTTP/1.1" 404 737
0:0:0:0:0:0:0:1 - - [03/Sep/2024:13:07:56 +0200] "GET /07_servicio_formacion_jm/formacion/buscar/Basica HTTP/1.1" 404 737
127.0.0.1 - - [03/Sep/2024:13:14:09 +0200] "GET /04_crud_cursos/cursos/recuperartodos/ HTTP/1.1" 404 737
0:0:0:0:0:0:0:1 - - [03/Sep/2024:13:14:09 +0200] "GET /07_servicio_formacion_jm/formacion/buscar/Basica HTTP/1.1" 404 737
127.0.0.1 - - [03/Sep/2024:13:14:46 +0200] "GET /07_servicio_formacion/ HTTP/1.1" 404 642
127.0.0.1 - - [03/Sep/2024:13:14:57 +0200] "GET /04_servicio_crud_cursos/cursos/recuperartodos HTTP/1.1" 200 422
0:0:0:0:0:0:0:1 - - [03/Sep/2024:13:14:58 +0200] "GET /07_servicio_formacion/formacion/buscar/Basica HTTP/1.1" 500 10024
127.0.0.1 - - [03/Sep/2024:13:15:13 +0200] "GET /04_servicio_crud_cursos/cursos/recuperartodos HTTP/1.1" 200 422
0:0:0:0:0:0:0:1 - - [03/Sep/2024:13:15:13 +0200] "GET /07_servicio_formacion/formacion/buscar/Basica HTTP/1.1" 200 139
127.0.0.1 - - [03/Sep/2024:13:15:37 +0200] "GET /04_servicio_crud_cursos/cursos/recuperartodos HTTP/1.1" 200 422
127.0.0.1 - - [03/Sep/2024:13:15:37 +0200] "GET /07_servicio_formacion/formacion/buscar/Basica HTTP/1.1" 200 139
127.0.0.1 - - [03/Sep/2024:13:15:59 +0200] "GET /04_servicio_crud_cursos/cursos/recuperartodos HTTP/1.1" 200 422
127.0.0.1 - - [03/Sep/2024:13:15:59 +0200] "GET /07_servicio_formacion/formacion/buscar/Informatica HTTP/1.1" 200 2
127.0.0.1 - - [03/Sep/2024:13:16:08 +0200] "GET /04_servicio_crud_cursos/cursos/recuperartodos HTTP/1.1" 200 422
127.0.0.1 - - [03/Sep/2024:13:16:08 +0200] "GET /07_servicio_formacion/formacion/buscar/Inform%C3%A1tica HTTP/1.1" 200 2
127.0.0.1 - - [03/Sep/2024:13:16:33 +0200] "GET /04_servicio_crud_cursos/cursos/recuperartodos HTTP/1.1" 200 422
127.0.0.1 - - [03/Sep/2024:13:16:33 +0200] "GET /07_servicio_formacion/formacion/buscar/Programaci%C3%B3n HTTP/1.1" 200 147
127.0.0.1 - - [03/Sep/2024:13:16:50 +0200] "GET /04_servicio_crud_cursos/cursos/recuperartodos HTTP/1.1" 200 422
0:0:0:0:0:0:0:1 - - [03/Sep/2024:13:16:50 +0200] "GET /07_servicio_formacion/formacion/buscar/Programaci%C3%B3n HTTP/1.1" 200 147
127.0.0.1 - - [03/Sep/2024:13:17:30 +0200] "GET /04_servicio_crud_cursos/cursos/recuperartodos HTTP/1.1" 200 422
0:0:0:0:0:0:0:1 - - [03/Sep/2024:13:17:30 +0200] "GET /07_servicio_formacion/formacion/buscar/Programaci%C3%B3n HTTP/1.1" 200 147
127.0.0.1 - - [03/Sep/2024:13:17:32 +0200] "GET /04_servicio_crud_cursos/cursos/recuperartodos HTTP/1.1" 200 422
0:0:0:0:0:0:0:1 - - [03/Sep/2024:13:17:32 +0200] "GET /07_servicio_formacion/formacion/buscar/Programaci%C3%B3n HTTP/1.1" 200 147
127.0.0.1 - - [03/Sep/2024:13:17:33 +0200] "GET /04_servicio_crud_cursos/cursos/recuperartodos HTTP/1.1" 200 422
0:0:0:0:0:0:0:1 - - [03/Sep/2024:13:17:33 +0200] "GET /07_servicio_formacion/formacion/buscar/Programaci%C3%B3n HTTP/1.1" 200 147
127.0.0.1 - - [03/Sep/2024:13:17:34 +0200] "GET /04_servicio_crud_cursos/cursos/recuperartodos HTTP/1.1" 200 422
0:0:0:0:0:0:0:1 - - [03/Sep/2024:13:17:34 +0200] "GET /07_servicio_formacion/formacion/buscar/Programaci%C3%B3n HTTP/1.1" 200 147
127.0.0.1 - - [03/Sep/2024:13:17:35 +0200] "GET /04_servicio_crud_cursos/cursos/recuperartodos HTTP/1.1" 200 422
0:0:0:0:0:0:0:1 - - [03/Sep/2024:13:17:35 +0200] "GET /07_servicio_formacion/formacion/buscar/Programaci%C3%B3n HTTP/1.1" 200 147
127.0.0.1 - - [03/Sep/2024:13:17:36 +0200] "GET /04_servicio_crud_cursos/cursos/recuperartodos HTTP/1.1" 200 422
0:0:0:0:0:0:0:1 - - [03/Sep/2024:13:17:36 +0200] "GET /07_servicio_formacion/formacion/buscar/Programaci%C3%B3n HTTP/1.1" 200 147
127.0.0.1 - - [03/Sep/2024:13:17:37 +0200] "GET /04_servicio_crud_cursos/cursos/recuperartodos HTTP/1.1" 200 422
0:0:0:0:0:0:0:1 - - [03/Sep/2024:13:17:37 +0200] "GET /07_servicio_formacion/formacion/buscar/Programaci%C3%B3n HTTP/1.1" 200 147
127.0.0.1 - - [03/Sep/2024:13:17:42 +0200] "GET /04_servicio_crud_cursos/cursos/recuperartodos HTTP/1.1" 200 422
127.0.0.1 - - [03/Sep/2024:13:17:42 +0200] "GET /07_servicio_formacion/formacion/buscar/Programaci%C3%B3n HTTP/1.1" 200 147
127.0.0.1 - - [03/Sep/2024:13:17:47 +0200] "GET /04_servicio_crud_cursos/cursos/recuperartodos HTTP/1.1" 200 422
127.0.0.1 - - [03/Sep/2024:13:17:47 +0200] "GET /07_servicio_formacion/formacion/buscar/Programaci%C3%B3n HTTP/1.1" 200 147
127.0.0.1 - - [03/Sep/2024:13:17:47 +0200] "GET /04_servicio_crud_cursos/cursos/recuperartodos HTTP/1.1" 200 422
127.0.0.1 - - [03/Sep/2024:13:17:47 +0200] "GET /07_servicio_formacion/formacion/buscar/Programaci%C3%B3n HTTP/1.1" 200 147
127.0.0.1 - - [03/Sep/2024:13:17:48 +0200] "GET /04_servicio_crud_cursos/cursos/recuperartodos HTTP/1.1" 200 422
127.0.0.1 - - [03/Sep/2024:13:17:48 +0200] "GET /07_servicio_formacion/formacion/buscar/Programaci%C3%B3n HTTP/1.1" 200 147
127.0.0.1 - - [03/Sep/2024:13:17:49 +0200] "GET /04_servicio_crud_cursos/cursos/recuperartodos HTTP/1.1" 200 422
127.0.0.1 - - [03/Sep/2024:13:17:49 +0200] "GET /07_servicio_formacion/formacion/buscar/Programaci%C3%B3n HTTP/1.1" 200 147
127.0.0.1 - - [03/Sep/2024:13:17:49 +0200] "GET /04_servicio_crud_cursos/cursos/recuperartodos HTTP/1.1" 200 422
127.0.0.1 - - [03/Sep/2024:13:17:49 +0200] "GET /07_servicio_formacion/formacion/buscar/Programaci%C3%B3n HTTP/1.1" 200 147
127.0.0.1 - - [03/Sep/2024:13:17:49 +0200] "GET /04_servicio_crud_cursos/cursos/recuperartodos HTTP/1.1" 200 422
127.0.0.1 - - [03/Sep/2024:13:17:49 +0200] "GET /07_servicio_formacion/formacion/buscar/Programaci%C3%B3n HTTP/1.1" 200 147
127.0.0.1 - - [03/Sep/2024:13:17:50 +0200] "GET /04_servicio_crud_cursos/cursos/recuperartodos HTTP/1.1" 200 422
127.0.0.1 - - [03/Sep/2024:13:17:50 +0200] "GET /07_servicio_formacion/formacion/buscar/Programaci%C3%B3n HTTP/1.1" 200 147
127.0.0.1 - - [03/Sep/2024:13:17:50 +0200] "GET /04_servicio_crud_cursos/cursos/recuperartodos HTTP/1.1" 200 422
127.0.0.1 - - [03/Sep/2024:13:17:50 +0200] "GET /07_servicio_formacion/formacion/buscar/Programaci%C3%B3n HTTP/1.1" 200 147
127.0.0.1 - - [03/Sep/2024:13:17:50 +0200] "GET /04_servicio_crud_cursos/cursos/recuperartodos HTTP/1.1" 200 422
127.0.0.1 - - [03/Sep/2024:13:17:50 +0200] "GET /07_servicio_formacion/formacion/buscar/Programaci%C3%B3n HTTP/1.1" 200 147
127.0.0.1 - - [03/Sep/2024:13:17:50 +0200] "GET /04_servicio_crud_cursos/cursos/recuperartodos HTTP/1.1" 200 422
127.0.0.1 - - [03/Sep/2024:13:17:50 +0200] "GET /07_servicio_formacion/formacion/buscar/Programaci%C3%B3n HTTP/1.1" 200 147
127.0.0.1 - - [03/Sep/2024:13:17:50 +0200] "GET /04_servicio_crud_cursos/cursos/recuperartodos HTTP/1.1" 200 422
127.0.0.1 - - [03/Sep/2024:13:17:50 +0200] "GET /07_servicio_formacion/formacion/buscar/Programaci%C3%B3n HTTP/1.1" 200 147
127.0.0.1 - - [03/Sep/2024:13:18:13 +0200] "GET /04_servicio_crud_cursos/cursos/recuperartodos HTTP/1.1" 200 422
127.0.0.1 - - [03/Sep/2024:13:18:13 +0200] "GET /07_servicio_formacion/formacion/buscar/Programaci%C3%B3n HTTP/1.1" 200 147
